[    5815ms] [ERROR] Failed to load resource: the server responded with a status of 406 () @ https://sonic.fdp.api.flipkart.com/4/data/collector/business:0
[    5817ms] [ERROR] Failed to load resource: the server responded with a status of 406 () @ https://sonic.fdp.api.flipkart.com/4/data/collector/business:0
[    6875ms] [ERROR] Access to fetch at 'https://static-assets-web.flixcart.com/www/linchpin/batman-returns/codes.json' from origin 'https://www.flipkart.com' has been blocked by CORS policy: Request header field x-user-agent is not allowed by Access-Control-Allow-Headers in preflight response. @ https://www.flipkart.com/:0
[    6876ms] [ERROR] Failed to load resource: net::ERR_FAILED @ https://static-assets-web.flixcart.com/www/linchpin/batman-returns/codes.json:0
[    7265ms] [WARNING] Warning: Component with name Placeholderis not available. Returning a fallback View @ https://static-assets-web.flixcart.com/batman-returns/batman-returns/p/50171365c37ee6e0e2b19d6df4501988/CrossCommon.js:0
[    7308ms] [WARNING] Warning: Component with name RNShimmeringViewis not available. Returning a fallback View @ https://static-assets-web.flixcart.com/batman-returns/batman-returns/p/50171365c37ee6e0e2b19d6df4501988/CrossCommon.js:0
[    7333ms] [WARNING] Warning: Component with name GifViewis not available. Returning a fallback View @ https://static-assets-web.flixcart.com/batman-returns/batman-returns/p/50171365c37ee6e0e2b19d6df4501988/CrossCommon.js:0
[    7334ms] [WARNING] Warning: Component with name LiveVideoViewis not available. Returning a fallback View @ https://static-assets-web.flixcart.com/batman-returns/batman-returns/p/50171365c37ee6e0e2b19d6df4501988/CrossCommon.js:0
[    7335ms] [WARNING] Warning: Component with name HybridConditionTrackerViewis not available. Returning a fallback View @ https://static-assets-web.flixcart.com/batman-returns/batman-returns/p/50171365c37ee6e0e2b19d6df4501988/CrossCommon.js:0
[    7510ms] [WARNING] <meta name="apple-mobile-web-app-capable" content="yes"> is deprecated. Please include <meta name="mobile-web-app-capable" content="yes"> @ https://www.flipkart.com/:0
[    7700ms] [LOG] ServiceWorker registration successful with scope:  https://www.flipkart.com/ @ https://www.flipkart.com/:1829
[    7725ms] [LOG] Sync registration successfull for web push Heart beat @ https://www.flipkart.com/:1858
[    8336ms] [ERROR] Access to fetch at 'https://static-assets-web.flixcart.com/apex-static/images/svgs/L1Nav/beauty.svg' from origin 'https://www.flipkart.com' has been blocked by CORS policy: Request header field x-user-agent is not allowed by Access-Control-Allow-Headers in preflight response. @ https://www.flipkart.com/:0
[    8336ms] [ERROR] Failed to load resource: net::ERR_FAILED @ https://static-assets-web.flixcart.com/apex-static/images/svgs/L1Nav/beauty.svg:0
[    8337ms] [ERROR] Access to fetch at 'https://static-assets-web.flixcart.com/apex-static/images/svgs/L1Nav/fashion.svg' from origin 'https://www.flipkart.com' has been blocked by CORS policy: Request header field x-user-agent is not allowed by Access-Control-Allow-Headers in preflight response. @ https://www.flipkart.com/:0
[    8337ms] [ERROR] Failed to load resource: net::ERR_FAILED @ https://static-assets-web.flixcart.com/apex-static/images/svgs/L1Nav/fashion.svg:0
[    8338ms] [ERROR] Access to fetch at 'https://static-assets-web.flixcart.com/apex-static/images/svgs/L1Nav/electronics.svg' from origin 'https://www.flipkart.com' has been blocked by CORS policy: Request header field x-user-agent is not allowed by Access-Control-Allow-Headers in preflight response. @ https://www.flipkart.com/:0
[    8338ms] [ERROR] Failed to load resource: net::ERR_FAILED @ https://static-assets-web.flixcart.com/apex-static/images/svgs/L1Nav/electronics.svg:0
[    8339ms] [ERROR] Access to fetch at 'https://static-assets-web.flixcart.com/apex-static/images/svgs/L1Nav/all.svg' from origin 'https://www.flipkart.com' has been blocked by CORS policy: Request header field x-user-agent is not allowed by Access-Control-Allow-Headers in preflight response. @ https://www.flipkart.com/:0
[    8339ms] [ERROR] Failed to load resource: net::ERR_FAILED @ https://static-assets-web.flixcart.com/apex-static/images/svgs/L1Nav/all.svg:0
[    8339ms] [ERROR] Access to fetch at 'https://static-assets-web.flixcart.com/apex-static/images/svgs/L1Nav/food.svg' from origin 'https://www.flipkart.com' has been blocked by CORS policy: Request header field x-user-agent is not allowed by Access-Control-Allow-Headers in preflight response. @ https://www.flipkart.com/:0
[    8340ms] [ERROR] Failed to load resource: net::ERR_FAILED @ https://static-assets-web.flixcart.com/apex-static/images/svgs/L1Nav/food.svg:0
[    8352ms] [ERROR] Access to fetch at 'https://static-assets-web.flixcart.com/apex-static/images/svgs/L1Nav/toy.svg' from origin 'https://www.flipkart.com' has been blocked by CORS policy: Request header field x-user-agent is not allowed by Access-Control-Allow-Headers in preflight response. @ https://www.flipkart.com/:0
[    8352ms] [ERROR] Failed to load resource: net::ERR_FAILED @ https://static-assets-web.flixcart.com/apex-static/images/svgs/L1Nav/toy.svg:0
[    8353ms] [ERROR] Access to fetch at 'https://static-assets-web.flixcart.com/apex-static/images/svgs/L1Nav/auto-acc.svg' from origin 'https://www.flipkart.com' has been blocked by CORS policy: Request header field x-user-agent is not allowed by Access-Control-Allow-Headers in preflight response. @ https://www.flipkart.com/:0
[    8353ms] [ERROR] Failed to load resource: net::ERR_FAILED @ https://static-assets-web.flixcart.com/apex-static/images/svgs/L1Nav/auto-acc.svg:0
[    8353ms] [ERROR] Access to fetch at 'https://static-assets-web.flixcart.com/apex-static/images/svgs/L1Nav/books.svg' from origin 'https://www.flipkart.com' has been blocked by CORS policy: Request header field x-user-agent is not allowed by Access-Control-Allow-Headers in preflight response. @ https://www.flipkart.com/:0
[    8354ms] [ERROR] Failed to load resource: net::ERR_FAILED @ https://static-assets-web.flixcart.com/apex-static/images/svgs/L1Nav/books.svg:0
[    8356ms] [ERROR] Access to fetch at 'https://static-assets-web.flixcart.com/apex-static/images/svgs/L1Nav/mobiles.svg' from origin 'https://www.flipkart.com' has been blocked by CORS policy: Request header field x-user-agent is not allowed by Access-Control-Allow-Headers in preflight response. @ https://www.flipkart.com/:0
[    8356ms] [ERROR] Failed to load resource: net::ERR_FAILED @ https://static-assets-web.flixcart.com/apex-static/images/svgs/L1Nav/mobiles.svg:0
[    8357ms] [ERROR] Access to fetch at 'https://static-assets-web.flixcart.com/apex-static/images/svgs/L1Nav/auto-new.svg' from origin 'https://www.flipkart.com' has been blocked by CORS policy: Request header field x-user-agent is not allowed by Access-Control-Allow-Headers in preflight response. @ https://www.flipkart.com/:0
[    8357ms] [ERROR] Failed to load resource: net::ERR_FAILED @ https://static-assets-web.flixcart.com/apex-static/images/svgs/L1Nav/auto-new.svg:0
[    8357ms] [ERROR] Access to fetch at 'https://static-assets-web.flixcart.com/apex-static/images/svgs/L1Nav/sport.svg' from origin 'https://www.flipkart.com' has been blocked by CORS policy: Request header field x-user-agent is not allowed by Access-Control-Allow-Headers in preflight response. @ https://www.flipkart.com/:0
[    8357ms] [ERROR] Failed to load resource: net::ERR_FAILED @ https://static-assets-web.flixcart.com/apex-static/images/svgs/L1Nav/sport.svg:0
[    8360ms] [ERROR] Access to fetch at 'https://static-assets-web.flixcart.com/apex-static/images/svgs/L1Nav/tv.svg' from origin 'https://www.flipkart.com' has been blocked by CORS policy: Request header field x-user-agent is not allowed by Access-Control-Allow-Headers in preflight response. @ https://www.flipkart.com/:0
[    8360ms] [ERROR] Failed to load resource: net::ERR_FAILED @ https://static-assets-web.flixcart.com/apex-static/images/svgs/L1Nav/tv.svg:0
[    8362ms] [ERROR] Access to fetch at 'https://static-assets-web.flixcart.com/apex-static/images/svgs/L1Nav/furniture.svg' from origin 'https://www.flipkart.com' has been blocked by CORS policy: Request header field x-user-agent is not allowed by Access-Control-Allow-Headers in preflight response. @ https://www.flipkart.com/:0
[    8363ms] [ERROR] Failed to load resource: net::ERR_FAILED @ https://static-assets-web.flixcart.com/apex-static/images/svgs/L1Nav/furniture.svg:0
[    8364ms] [ERROR] Access to fetch at 'https://static-assets-web.flixcart.com/apex-static/images/svgs/L1Nav/home-final.svg' from origin 'https://www.flipkart.com' has been blocked by CORS policy: Request header field x-user-agent is not allowed by Access-Control-Allow-Headers in preflight response. @ https://www.flipkart.com/:0
[    8364ms] [ERROR] Failed to load resource: net::ERR_FAILED @ https://static-assets-web.flixcart.com/apex-static/images/svgs/L1Nav/home-final.svg:0
[   21808ms] [WARNING] The resource https://rukminim2.flixcart.com/fk-p-flap/480/234/image/e3680bbd8d767566.jpg?q=20 was preloaded using link preload but not used within a few seconds from the window's load event. Please make sure it has an appropriate `as` value and it is preloaded intentionally. @ https://www.flipkart.com/:0
[   32832ms] [WARNING] The resource https://rukminim2.flixcart.com/fk-p-flap/480/234/image/e3680bbd8d767566.jpg?q=20 was preloaded using link preload but not used within a few seconds from the window's load event. Please make sure it has an appropriate `as` value and it is preloaded intentionally. @ https://www.flipkart.com/:0
[   41894ms] [WARNING] The resource https://rukminim2.flixcart.com/fk-p-flap/480/234/image/e3680bbd8d767566.jpg?q=20 was preloaded using link preload but not used within a few seconds from the window's load event. Please make sure it has an appropriate `as` value and it is preloaded intentionally. @ https://www.flipkart.com/:0
[   52498ms] [WARNING] The resource https://rukminim2.flixcart.com/fk-p-flap/480/234/image/e3680bbd8d767566.jpg?q=20 was preloaded using link preload but not used within a few seconds from the window's load event. Please make sure it has an appropriate `as` value and it is preloaded intentionally. @ https://www.flipkart.com/:0
[   61844ms] [WARNING] The resource https://rukminim2.flixcart.com/fk-p-flap/480/234/image/e3680bbd8d767566.jpg?q=20 was preloaded using link preload but not used within a few seconds from the window's load event. Please make sure it has an appropriate `as` value and it is preloaded intentionally. @ https://www.flipkart.com/:0
[   72538ms] [WARNING] The resource https://rukminim2.flixcart.com/fk-p-flap/480/234/image/e3680bbd8d767566.jpg?q=20 was preloaded using link preload but not used within a few seconds from the window's load event. Please make sure it has an appropriate `as` value and it is preloaded intentionally. @ https://www.flipkart.com/:0
[   81856ms] [WARNING] The resource https://rukminim2.flixcart.com/fk-p-flap/480/234/image/e3680bbd8d767566.jpg?q=20 was preloaded using link preload but not used within a few seconds from the window's load event. Please make sure it has an appropriate `as` value and it is preloaded intentionally. @ https://www.flipkart.com/:0
[   92428ms] [WARNING] The resource https://rukminim2.flixcart.com/fk-p-flap/480/234/image/e3680bbd8d767566.jpg?q=20 was preloaded using link preload but not used within a few seconds from the window's load event. Please make sure it has an appropriate `as` value and it is preloaded intentionally. @ https://www.flipkart.com/:0
[  102590ms] [WARNING] The resource https://rukminim2.flixcart.com/fk-p-flap/480/234/image/e3680bbd8d767566.jpg?q=20 was preloaded using link preload but not used within a few seconds from the window's load event. Please make sure it has an appropriate `as` value and it is preloaded intentionally. @ https://www.flipkart.com/:0
[  112459ms] [WARNING] The resource https://rukminim2.flixcart.com/fk-p-flap/480/234/image/e3680bbd8d767566.jpg?q=20 was preloaded using link preload but not used within a few seconds from the window's load event. Please make sure it has an appropriate `as` value and it is preloaded intentionally. @ https://www.flipkart.com/:0
[  121924ms] [WARNING] The resource https://rukminim2.flixcart.com/fk-p-flap/480/234/image/e3680bbd8d767566.jpg?q=20 was preloaded using link preload but not used within a few seconds from the window's load event. Please make sure it has an appropriate `as` value and it is preloaded intentionally. @ https://www.flipkart.com/:0
[  132416ms] [WARNING] The resource https://rukminim2.flixcart.com/fk-p-flap/480/234/image/e3680bbd8d767566.jpg?q=20 was preloaded using link preload but not used within a few seconds from the window's load event. Please make sure it has an appropriate `as` value and it is preloaded intentionally. @ https://www.flipkart.com/:0
[  141910ms] [WARNING] The resource https://rukminim2.flixcart.com/fk-p-flap/480/234/image/e3680bbd8d767566.jpg?q=20 was preloaded using link preload but not used within a few seconds from the window's load event. Please make sure it has an appropriate `as` value and it is preloaded intentionally. @ https://www.flipkart.com/:0
[  152479ms] [WARNING] The resource https://rukminim2.flixcart.com/fk-p-flap/480/234/image/e3680bbd8d767566.jpg?q=20 was preloaded using link preload but not used within a few seconds from the window's load event. Please make sure it has an appropriate `as` value and it is preloaded intentionally. @ https://www.flipkart.com/:0
[  161911ms] [WARNING] The resource https://rukminim2.flixcart.com/fk-p-flap/480/234/image/e3680bbd8d767566.jpg?q=20 was preloaded using link preload but not used within a few seconds from the window's load event. Please make sure it has an appropriate `as` value and it is preloaded intentionally. @ https://www.flipkart.com/:0
[  172456ms] [WARNING] The resource https://rukminim2.flixcart.com/fk-p-flap/480/234/image/e3680bbd8d767566.jpg?q=20 was preloaded using link preload but not used within a few seconds from the window's load event. Please make sure it has an appropriate `as` value and it is preloaded intentionally. @ https://www.flipkart.com/:0
[  181939ms] [WARNING] The resource https://rukminim2.flixcart.com/fk-p-flap/480/234/image/e3680bbd8d767566.jpg?q=20 was preloaded using link preload but not used within a few seconds from the window's load event. Please make sure it has an appropriate `as` value and it is preloaded intentionally. @ https://www.flipkart.com/:0
[  192444ms] [WARNING] The resource https://rukminim2.flixcart.com/fk-p-flap/480/234/image/e3680bbd8d767566.jpg?q=20 was preloaded using link preload but not used within a few seconds from the window's load event. Please make sure it has an appropriate `as` value and it is preloaded intentionally. @ https://www.flipkart.com/:0
[  201994ms] [WARNING] The resource https://rukminim2.flixcart.com/fk-p-flap/480/234/image/e3680bbd8d767566.jpg?q=20 was preloaded using link preload but not used within a few seconds from the window's load event. Please make sure it has an appropriate `as` value and it is preloaded intentionally. @ https://www.flipkart.com/:0
[  212452ms] [WARNING] The resource https://rukminim2.flixcart.com/fk-p-flap/480/234/image/e3680bbd8d767566.jpg?q=20 was preloaded using link preload but not used within a few seconds from the window's load event. Please make sure it has an appropriate `as` value and it is preloaded intentionally. @ https://www.flipkart.com/:0
[  216404ms] [LOG] ServiceWorker registration successful with scope:  https://www.flipkart.com/ @ https://www.flipkart.com/search?q=iphone%2017%20pro&otracker=search&otracker1=search&marketplace=FLIPKART&as-show=off&as=off:68
[  217439ms] [LOG] Flipkart ♥'s web @ https://static-assets-web.flixcart.com/fk-p-linchpin-web/fk-cp-zion/js/app.4321179e.js:0
[  217578ms] [ERROR] Failed to load resource: the server responded with a status of 406 () @ https://sonic.fdp.api.flipkart.com/4/data/collector/business:0
[  311353ms] [ERROR] {action: FDP_TRACKING, url: https://1.sonic.fdp.api.flipkart.com/4/data/collector/business} Error: API timeout error NewApiCaller:fetchWithContextAndTimeout:error @ https://static-assets-web.flixcart.com/fk-p-linchpin-web/fk-cp-zion/js/app.4321179e.js:0
[  311355ms] [ERROR] TypeError: Failed to fetch
    at e.<computed> (https://www.flipkart.com/search?q=iphone%2017%20pro&otracker=search&otracker1=search&marketplace=FLIPKART&as-show=off&as=off:17:16383)
    at U (https://static-assets-web.flixcart.com/fk-p-linchpin-web/fk-cp-zion/js/app.4321179e.js:1:325571)
    at M (https://static-assets-web.flixcart.com/fk-p-linchpin-web/fk-cp-zion/js/app.4321179e.js:1:326034)
    at Object.post (https://static-assets-web.flixcart.com/fk-p-linchpin-web/fk-cp-zion/js/app.4321179e.js:1:327033)
    at e.value (https://static-assets-web.flixcart.com/fk-p-linchpin-web/fk-cp-zion/js/app_common.3eb68488.js:1:116105)
    at e.value (https://static-assets-web.flixcart.com/fk-p-linchpin-web/fk-cp-zion/js/app_common.3eb68488.js:1:116588)
    at y (https://static-assets-web.flixcart.com/fk-p-linchpin-web/fk-cp-zion/js/vendor.2ac7a93e.js:2:220281)
    at https://static-assets-web.flixcart.com/fk-p-linchpin-web/fk-cp-zion/js/vendor.2ac7a93e.js:2:220647
    at e.k (https://static-assets-web.flixcart.com/fk-p-linchpin-web/fk-cp-zion/js/vendor.2ac7a93e.js:2:220654)
    at e.value (https://static-assets-web.flixcart.com/fk-p-linchpin-web/fk-cp-zion/js/app_common.3eb68488.js:1:114960) NewApiCaller:logError @ https://static-assets-web.flixcart.com/fk-p-linchpin-web/fk-cp-zion/js/app.4321179e.js:0
[  312770ms] [ERROR] Failed to load resource: the server responded with a status of 406 () @ https://sonic.fdp.api.flipkart.com/4/data/collector/business:0
[  313597ms] [ERROR] Access to fetch at 'https://static-assets-web.flixcart.com/www/linchpin/batman-returns/codes.json' from origin 'https://www.flipkart.com' has been blocked by CORS policy: Request header field x-user-agent is not allowed by Access-Control-Allow-Headers in preflight response. @ https://www.flipkart.com/apple-iphone-17-pro-silver-256-gb/p/itm106f475c264c7?pid=MOBHFN6YPFSDYRTY&lid=LSTMOBHFN6YPFSDYRTYSCL89I&marketplace=FLIPKART&q=iphone+17+pro&store=tyy%2F4io&spotlightTagId=default_BestsellerId_tyy%2F4io&srno=s_1_1&otracker=search&otracker1=search&fm=Search&iid=bc7d089a-592c-4503-a574-63bd5cd50682.MOBHFN6YPFSDYRTY.SEARCH&ppt=sp&ppn=sp&ssid=w457c1zo9c0000001780670942931&qH=c765de6c3925bba3&ov_redirect=true:0
[  313598ms] [ERROR] Failed to load resource: net::ERR_FAILED @ https://static-assets-web.flixcart.com/www/linchpin/batman-returns/codes.json:0
[  313768ms] [WARNING] Warning: Component with name Placeholderis not available. Returning a fallback View @ https://static-assets-web.flixcart.com/batman-returns/batman-returns/p/50171365c37ee6e0e2b19d6df4501988/CrossCommon.js:0
[  313821ms] [WARNING] Warning: Component with name RNShimmeringViewis not available. Returning a fallback View @ https://static-assets-web.flixcart.com/batman-returns/batman-returns/p/50171365c37ee6e0e2b19d6df4501988/CrossCommon.js:0
[  313842ms] [WARNING] Warning: Component with name GifViewis not available. Returning a fallback View @ https://static-assets-web.flixcart.com/batman-returns/batman-returns/p/50171365c37ee6e0e2b19d6df4501988/CrossCommon.js:0
[  313842ms] [WARNING] Warning: Component with name LiveVideoViewis not available. Returning a fallback View @ https://static-assets-web.flixcart.com/batman-returns/batman-returns/p/50171365c37ee6e0e2b19d6df4501988/CrossCommon.js:0
[  313845ms] [WARNING] Warning: Component with name HybridConditionTrackerViewis not available. Returning a fallback View @ https://static-assets-web.flixcart.com/batman-returns/batman-returns/p/50171365c37ee6e0e2b19d6df4501988/CrossCommon.js:0
[  313955ms] [LOG] Sync registration successfull for web push Heart beat @ https://www.flipkart.com/apple-iphone-17-pro-silver-256-gb/p/itm106f475c264c7?pid=MOBHFN6YPFSDYRTY&lid=LSTMOBHFN6YPFSDYRTYSCL89I&marketplace=FLIPKART&q=iphone+17+pro&store=tyy%2F4io&spotlightTagId=default_BestsellerId_tyy%2F4io&srno=s_1_1&otracker=search&otracker1=search&fm=Search&iid=bc7d089a-592c-4503-a574-63bd5cd50682.MOBHFN6YPFSDYRTY.SEARCH&ppt=sp&ppn=sp&ssid=w457c1zo9c0000001780670942931&qH=c765de6c3925bba3&ov_redirect=true:1746
[  313969ms] [WARNING] <meta name="apple-mobile-web-app-capable" content="yes"> is deprecated. Please include <meta name="mobile-web-app-capable" content="yes"> @ https://www.flipkart.com/apple-iphone-17-pro-silver-256-gb/p/itm106f475c264c7?pid=MOBHFN6YPFSDYRTY&lid=LSTMOBHFN6YPFSDYRTYSCL89I&marketplace=FLIPKART&q=iphone+17+pro&store=tyy%2F4io&spotlightTagId=default_BestsellerId_tyy%2F4io&srno=s_1_1&otracker=search&otracker1=search&fm=Search&iid=bc7d089a-592c-4503-a574-63bd5cd50682.MOBHFN6YPFSDYRTY.SEARCH&ppt=sp&ppn=sp&ssid=w457c1zo9c0000001780670942931&qH=c765de6c3925bba3&ov_redirect=true:0
[  314102ms] [LOG] ServiceWorker registration successful with scope:  https://www.flipkart.com/ @ https://www.flipkart.com/apple-iphone-17-pro-silver-256-gb/p/itm106f475c264c7?pid=MOBHFN6YPFSDYRTY&lid=LSTMOBHFN6YPFSDYRTYSCL89I&marketplace=FLIPKART&q=iphone+17+pro&store=tyy%2F4io&spotlightTagId=default_BestsellerId_tyy%2F4io&srno=s_1_1&otracker=search&otracker1=search&fm=Search&iid=bc7d089a-592c-4503-a574-63bd5cd50682.MOBHFN6YPFSDYRTY.SEARCH&ppt=sp&ppn=sp&ssid=w457c1zo9c0000001780670942931&qH=c765de6c3925bba3&ov_redirect=true:1717
[  314103ms] [LOG] ServiceWorker is active and sending message :  https://www.flipkart.com/ @ https://www.flipkart.com/apple-iphone-17-pro-silver-256-gb/p/itm106f475c264c7?pid=MOBHFN6YPFSDYRTY&lid=LSTMOBHFN6YPFSDYRTYSCL89I&marketplace=FLIPKART&q=iphone+17+pro&store=tyy%2F4io&spotlightTagId=default_BestsellerId_tyy%2F4io&srno=s_1_1&otracker=search&otracker1=search&fm=Search&iid=bc7d089a-592c-4503-a574-63bd5cd50682.MOBHFN6YPFSDYRTY.SEARCH&ppt=sp&ppn=sp&ssid=w457c1zo9c0000001780670942931&qH=c765de6c3925bba3&ov_redirect=true:1726
[  314416ms] [WARNING] Animated: `useNativeDriver` is not supported because the native animated module is missing. Falling back to JS-based animation. To resolve this, add `RCTAnimation` module to this app, or remove `useNativeDriver`. Make sure to run `bundle exec pod install` first. Read more about autolinking: https://github.com/react-native-community/cli/blob/master/docs/autolinking.md @ https://static-assets-web.flixcart.com/batman-returns/batman-returns/p/50171365c37ee6e0e2b19d6df4501988/CrossCommon.js:0
[  390054ms] [ERROR] Failed to load resource: the server responded with a status of 406 () @ https://sonic.fdp.api.flipkart.com/4/data/collector/business:0
[  390152ms] [ERROR] Access to fetch at 'https://static-assets-web.flixcart.com/www/linchpin/batman-returns/codes.json' from origin 'https://www.flipkart.com' has been blocked by CORS policy: Request header field x-user-agent is not allowed by Access-Control-Allow-Headers in preflight response. @ https://www.flipkart.com/:0
[  390152ms] [ERROR] Failed to load resource: net::ERR_FAILED @ https://static-assets-web.flixcart.com/www/linchpin/batman-returns/codes.json:0
[  390383ms] [WARNING] Warning: Component with name Placeholderis not available. Returning a fallback View @ https://static-assets-web.flixcart.com/batman-returns/batman-returns/p/50171365c37ee6e0e2b19d6df4501988/CrossCommon.js:0
[  390418ms] [WARNING] Warning: Component with name RNShimmeringViewis not available. Returning a fallback View @ https://static-assets-web.flixcart.com/batman-returns/batman-returns/p/50171365c37ee6e0e2b19d6df4501988/CrossCommon.js:0
[  390440ms] [WARNING] Warning: Component with name GifViewis not available. Returning a fallback View @ https://static-assets-web.flixcart.com/batman-returns/batman-returns/p/50171365c37ee6e0e2b19d6df4501988/CrossCommon.js:0
[  390441ms] [WARNING] Warning: Component with name LiveVideoViewis not available. Returning a fallback View @ https://static-assets-web.flixcart.com/batman-returns/batman-returns/p/50171365c37ee6e0e2b19d6df4501988/CrossCommon.js:0
[  390442ms] [WARNING] Warning: Component with name HybridConditionTrackerViewis not available. Returning a fallback View @ https://static-assets-web.flixcart.com/batman-returns/batman-returns/p/50171365c37ee6e0e2b19d6df4501988/CrossCommon.js:0
[  390541ms] [LOG] ServiceWorker registration successful with scope:  https://www.flipkart.com/ @ https://www.flipkart.com/:1835
[  390542ms] [LOG] ServiceWorker is active and sending message :  https://www.flipkart.com/ @ https://www.flipkart.com/:1844
[  390558ms] [LOG] Sync registration successfull for web push Heart beat @ https://www.flipkart.com/:1864
[  390573ms] [WARNING] <meta name="apple-mobile-web-app-capable" content="yes"> is deprecated. Please include <meta name="mobile-web-app-capable" content="yes"> @ https://www.flipkart.com/:0
[  391039ms] [ERROR] Access to fetch at 'https://static-assets-web.flixcart.com/apex-static/images/svgs/L1Nav/fashion.svg' from origin 'https://www.flipkart.com' has been blocked by CORS policy: Request header field x-user-agent is not allowed by Access-Control-Allow-Headers in preflight response. @ https://www.flipkart.com/:0
[  391039ms] [ERROR] Failed to load resource: net::ERR_FAILED @ https://static-assets-web.flixcart.com/apex-static/images/svgs/L1Nav/fashion.svg:0
[  391040ms] [ERROR] Access to fetch at 'https://static-assets-web.flixcart.com/apex-static/images/svgs/L1Nav/mobiles.svg' from origin 'https://www.flipkart.com' has been blocked by CORS policy: Request header field x-user-agent is not allowed by Access-Control-Allow-Headers in preflight response. @ https://www.flipkart.com/:0
[  391040ms] [ERROR] Failed to load resource: net::ERR_FAILED @ https://static-assets-web.flixcart.com/apex-static/images/svgs/L1Nav/mobiles.svg:0
[  391040ms] [ERROR] Access to fetch at 'https://static-assets-web.flixcart.com/apex-static/images/svgs/L1Nav/home-final.svg' from origin 'https://www.flipkart.com' has been blocked by CORS policy: Request header field x-user-agent is not allowed by Access-Control-Allow-Headers in preflight response. @ https://www.flipkart.com/:0
[  391041ms] [ERROR] Failed to load resource: net::ERR_FAILED @ https://static-assets-web.flixcart.com/apex-static/images/svgs/L1Nav/home-final.svg:0
[  391041ms] [ERROR] Access to fetch at 'https://static-assets-web.flixcart.com/apex-static/images/svgs/L1Nav/electronics.svg' from origin 'https://www.flipkart.com' has been blocked by CORS policy: Request header field x-user-agent is not allowed by Access-Control-Allow-Headers in preflight response. @ https://www.flipkart.com/:0
[  391041ms] [ERROR] Failed to load resource: net::ERR_FAILED @ https://static-assets-web.flixcart.com/apex-static/images/svgs/L1Nav/electronics.svg:0
[  391041ms] [ERROR] Access to fetch at 'https://static-assets-web.flixcart.com/apex-static/images/svgs/L1Nav/all.svg' from origin 'https://www.flipkart.com' has been blocked by CORS policy: Request header field x-user-agent is not allowed by Access-Control-Allow-Headers in preflight response. @ https://www.flipkart.com/:0
[  391041ms] [ERROR] Failed to load resource: net::ERR_FAILED @ https://static-assets-web.flixcart.com/apex-static/images/svgs/L1Nav/all.svg:0
[  391042ms] [ERROR] Access to fetch at 'https://static-assets-web.flixcart.com/apex-static/images/svgs/L1Nav/food.svg' from origin 'https://www.flipkart.com' has been blocked by CORS policy: Request header field x-user-agent is not allowed by Access-Control-Allow-Headers in preflight response. @ https://www.flipkart.com/:0
[  391042ms] [ERROR] Failed to load resource: net::ERR_FAILED @ https://static-assets-web.flixcart.com/apex-static/images/svgs/L1Nav/food.svg:0
[  391042ms] [ERROR] Access to fetch at 'https://static-assets-web.flixcart.com/apex-static/images/svgs/L1Nav/tv.svg' from origin 'https://www.flipkart.com' has been blocked by CORS policy: Request header field x-user-agent is not allowed by Access-Control-Allow-Headers in preflight response. @ https://www.flipkart.com/:0
[  391042ms] [ERROR] Failed to load resource: net::ERR_FAILED @ https://static-assets-web.flixcart.com/apex-static/images/svgs/L1Nav/tv.svg:0
[  391043ms] [ERROR] Access to fetch at 'https://static-assets-web.flixcart.com/apex-static/images/svgs/L1Nav/sport.svg' from origin 'https://www.flipkart.com' has been blocked by CORS policy: Request header field x-user-agent is not allowed by Access-Control-Allow-Headers in preflight response. @ https://www.flipkart.com/:0
[  391043ms] [ERROR] Failed to load resource: net::ERR_FAILED @ https://static-assets-web.flixcart.com/apex-static/images/svgs/L1Nav/sport.svg:0
[  391043ms] [ERROR] Access to fetch at 'https://static-assets-web.flixcart.com/apex-static/images/svgs/L1Nav/auto-acc.svg' from origin 'https://www.flipkart.com' has been blocked by CORS policy: Request header field x-user-agent is not allowed by Access-Control-Allow-Headers in preflight response. @ https://www.flipkart.com/:0
[  391043ms] [ERROR] Failed to load resource: net::ERR_FAILED @ https://static-assets-web.flixcart.com/apex-static/images/svgs/L1Nav/auto-acc.svg:0
[  391044ms] [ERROR] Access to fetch at 'https://static-assets-web.flixcart.com/apex-static/images/svgs/L1Nav/auto-new.svg' from origin 'https://www.flipkart.com' has been blocked by CORS policy: Request header field x-user-agent is not allowed by Access-Control-Allow-Headers in preflight response. @ https://www.flipkart.com/:0
[  391045ms] [ERROR] Failed to load resource: net::ERR_FAILED @ https://static-assets-web.flixcart.com/apex-static/images/svgs/L1Nav/auto-new.svg:0
[  391046ms] [ERROR] Access to fetch at 'https://static-assets-web.flixcart.com/apex-static/images/svgs/L1Nav/beauty.svg' from origin 'https://www.flipkart.com' has been blocked by CORS policy: Request header field x-user-agent is not allowed by Access-Control-Allow-Headers in preflight response. @ https://www.flipkart.com/:0
[  391046ms] [ERROR] Failed to load resource: net::ERR_FAILED @ https://static-assets-web.flixcart.com/apex-static/images/svgs/L1Nav/beauty.svg:0
[  391046ms] [ERROR] Access to fetch at 'https://static-assets-web.flixcart.com/apex-static/images/svgs/L1Nav/toy.svg' from origin 'https://www.flipkart.com' has been blocked by CORS policy: Request header field x-user-agent is not allowed by Access-Control-Allow-Headers in preflight response. @ https://www.flipkart.com/:0
[  391047ms] [ERROR] Failed to load resource: net::ERR_FAILED @ https://static-assets-web.flixcart.com/apex-static/images/svgs/L1Nav/toy.svg:0
[  391047ms] [ERROR] Access to fetch at 'https://static-assets-web.flixcart.com/apex-static/images/svgs/L1Nav/furniture.svg' from origin 'https://www.flipkart.com' has been blocked by CORS policy: Request header field x-user-agent is not allowed by Access-Control-Allow-Headers in preflight response. @ https://www.flipkart.com/:0
[  391047ms] [ERROR] Failed to load resource: net::ERR_FAILED @ https://static-assets-web.flixcart.com/apex-static/images/svgs/L1Nav/furniture.svg:0
[  391048ms] [ERROR] Access to fetch at 'https://static-assets-web.flixcart.com/apex-static/images/svgs/L1Nav/books.svg' from origin 'https://www.flipkart.com' has been blocked by CORS policy: Request header field x-user-agent is not allowed by Access-Control-Allow-Headers in preflight response. @ https://www.flipkart.com/:0
[  391048ms] [ERROR] Failed to load resource: net::ERR_FAILED @ https://static-assets-web.flixcart.com/apex-static/images/svgs/L1Nav/books.svg:0
[  400836ms] [ERROR] Failed to load resource: the server responded with a status of 406 () @ https://sonic.fdp.api.flipkart.com/4/data/collector/business:0
[  401037ms] [WARNING] Warning: Component with name Placeholderis not available. Returning a fallback View @ https://static-assets-web.flixcart.com/batman-returns/batman-returns/p/50171365c37ee6e0e2b19d6df4501988/CrossCommon.js:0
[  401067ms] [WARNING] Warning: Component with name RNShimmeringViewis not available. Returning a fallback View @ https://static-assets-web.flixcart.com/batman-returns/batman-returns/p/50171365c37ee6e0e2b19d6df4501988/CrossCommon.js:0
[  401088ms] [WARNING] Warning: Component with name GifViewis not available. Returning a fallback View @ https://static-assets-web.flixcart.com/batman-returns/batman-returns/p/50171365c37ee6e0e2b19d6df4501988/CrossCommon.js:0
[  401089ms] [WARNING] Warning: Component with name LiveVideoViewis not available. Returning a fallback View @ https://static-assets-web.flixcart.com/batman-returns/batman-returns/p/50171365c37ee6e0e2b19d6df4501988/CrossCommon.js:0
[  401090ms] [WARNING] Warning: Component with name HybridConditionTrackerViewis not available. Returning a fallback View @ https://static-assets-web.flixcart.com/batman-returns/batman-returns/p/50171365c37ee6e0e2b19d6df4501988/CrossCommon.js:0
[  401150ms] [ERROR] Access to fetch at 'https://static-assets-web.flixcart.com/www/linchpin/batman-returns/codes.json' from origin 'https://www.flipkart.com' has been blocked by CORS policy: Request header field x-user-agent is not allowed by Access-Control-Allow-Headers in preflight response. @ https://www.flipkart.com/:0
[  401150ms] [ERROR] Failed to load resource: net::ERR_FAILED @ https://static-assets-web.flixcart.com/www/linchpin/batman-returns/codes.json:0
[  401187ms] [LOG] ServiceWorker registration successful with scope:  https://www.flipkart.com/ @ https://www.flipkart.com/:1732
[  401187ms] [LOG] ServiceWorker is active and sending message :  https://www.flipkart.com/ @ https://www.flipkart.com/:1741
[  401200ms] [LOG] Sync registration successfull for web push Heart beat @ https://www.flipkart.com/:1761
[  401214ms] [WARNING] <meta name="apple-mobile-web-app-capable" content="yes"> is deprecated. Please include <meta name="mobile-web-app-capable" content="yes"> @ https://www.flipkart.com/:0
[  401681ms] [ERROR] Access to fetch at 'https://static-assets-web.flixcart.com/apex-static/images/svgs/L1Nav/tv.svg' from origin 'https://www.flipkart.com' has been blocked by CORS policy: Request header field x-user-agent is not allowed by Access-Control-Allow-Headers in preflight response. @ https://www.flipkart.com/:0
[  401681ms] [ERROR] Failed to load resource: net::ERR_FAILED @ https://static-assets-web.flixcart.com/apex-static/images/svgs/L1Nav/tv.svg:0
[  401688ms] [ERROR] Access to fetch at 'https://static-assets-web.flixcart.com/apex-static/images/svgs/L1Nav/food.svg' from origin 'https://www.flipkart.com' has been blocked by CORS policy: Request header field x-user-agent is not allowed by Access-Control-Allow-Headers in preflight response. @ https://www.flipkart.com/:0
[  401688ms] [ERROR] Failed to load resource: net::ERR_FAILED @ https://static-assets-web.flixcart.com/apex-static/images/svgs/L1Nav/food.svg:0
[  401688ms] [ERROR] Access to fetch at 'https://static-assets-web.flixcart.com/apex-static/images/svgs/L1Nav/fashion.svg' from origin 'https://www.flipkart.com' has been blocked by CORS policy: Request header field x-user-agent is not allowed by Access-Control-Allow-Headers in preflight response. @ https://www.flipkart.com/:0
[  401688ms] [ERROR] Failed to load resource: net::ERR_FAILED @ https://static-assets-web.flixcart.com/apex-static/images/svgs/L1Nav/fashion.svg:0
[  401689ms] [ERROR] Access to fetch at 'https://static-assets-web.flixcart.com/apex-static/images/svgs/L1Nav/auto-new.svg' from origin 'https://www.flipkart.com' has been blocked by CORS policy: Request header field x-user-agent is not allowed by Access-Control-Allow-Headers in preflight response. @ https://www.flipkart.com/:0
[  401689ms] [ERROR] Failed to load resource: net::ERR_FAILED @ https://static-assets-web.flixcart.com/apex-static/images/svgs/L1Nav/auto-new.svg:0
[  401689ms] [ERROR] Access to fetch at 'https://static-assets-web.flixcart.com/apex-static/images/svgs/L1Nav/beauty.svg' from origin 'https://www.flipkart.com' has been blocked by CORS policy: Request header field x-user-agent is not allowed by Access-Control-Allow-Headers in preflight response. @ https://www.flipkart.com/:0
[  401689ms] [ERROR] Failed to load resource: net::ERR_FAILED @ https://static-assets-web.flixcart.com/apex-static/images/svgs/L1Nav/beauty.svg:0
[  401690ms] [ERROR] Access to fetch at 'https://static-assets-web.flixcart.com/apex-static/images/svgs/L1Nav/all.svg' from origin 'https://www.flipkart.com' has been blocked by CORS policy: Request header field x-user-agent is not allowed by Access-Control-Allow-Headers in preflight response. @ https://www.flipkart.com/:0
[  401690ms] [ERROR] Failed to load resource: net::ERR_FAILED @ https://static-assets-web.flixcart.com/apex-static/images/svgs/L1Nav/all.svg:0
[  401690ms] [ERROR] Access to fetch at 'https://static-assets-web.flixcart.com/apex-static/images/svgs/L1Nav/toy.svg' from origin 'https://www.flipkart.com' has been blocked by CORS policy: Request header field x-user-agent is not allowed by Access-Control-Allow-Headers in preflight response. @ https://www.flipkart.com/:0
[  401690ms] [ERROR] Failed to load resource: net::ERR_FAILED @ https://static-assets-web.flixcart.com/apex-static/images/svgs/L1Nav/toy.svg:0
[  401691ms] [ERROR] Access to fetch at 'https://static-assets-web.flixcart.com/apex-static/images/svgs/L1Nav/auto-acc.svg' from origin 'https://www.flipkart.com' has been blocked by CORS policy: Request header field x-user-agent is not allowed by Access-Control-Allow-Headers in preflight response. @ https://www.flipkart.com/:0
[  401691ms] [ERROR] Failed to load resource: net::ERR_FAILED @ https://static-assets-web.flixcart.com/apex-static/images/svgs/L1Nav/auto-acc.svg:0
[  401691ms] [ERROR] Access to fetch at 'https://static-assets-web.flixcart.com/apex-static/images/svgs/L1Nav/books.svg' from origin 'https://www.flipkart.com' has been blocked by CORS policy: Request header field x-user-agent is not allowed by Access-Control-Allow-Headers in preflight response. @ https://www.flipkart.com/:0
[  401692ms] [ERROR] Failed to load resource: net::ERR_FAILED @ https://static-assets-web.flixcart.com/apex-static/images/svgs/L1Nav/books.svg:0
[  401692ms] [ERROR] Access to fetch at 'https://static-assets-web.flixcart.com/apex-static/images/svgs/L1Nav/furniture.svg' from origin 'https://www.flipkart.com' has been blocked by CORS policy: Request header field x-user-agent is not allowed by Access-Control-Allow-Headers in preflight response. @ https://www.flipkart.com/:0
[  401692ms] [ERROR] Failed to load resource: net::ERR_FAILED @ https://static-assets-web.flixcart.com/apex-static/images/svgs/L1Nav/furniture.svg:0
[  401693ms] [ERROR] Access to fetch at 'https://static-assets-web.flixcart.com/apex-static/images/svgs/L1Nav/mobiles.svg' from origin 'https://www.flipkart.com' has been blocked by CORS policy: Request header field x-user-agent is not allowed by Access-Control-Allow-Headers in preflight response. @ https://www.flipkart.com/:0
[  401693ms] [ERROR] Failed to load resource: net::ERR_FAILED @ https://static-assets-web.flixcart.com/apex-static/images/svgs/L1Nav/mobiles.svg:0
[  401701ms] [ERROR] Access to fetch at 'https://static-assets-web.flixcart.com/apex-static/images/svgs/L1Nav/electronics.svg' from origin 'https://www.flipkart.com' has been blocked by CORS policy: Request header field x-user-agent is not allowed by Access-Control-Allow-Headers in preflight response. @ https://www.flipkart.com/:0
[  401701ms] [ERROR] Failed to load resource: net::ERR_FAILED @ https://static-assets-web.flixcart.com/apex-static/images/svgs/L1Nav/electronics.svg:0
[  401701ms] [ERROR] Access to fetch at 'https://static-assets-web.flixcart.com/apex-static/images/svgs/L1Nav/home-final.svg' from origin 'https://www.flipkart.com' has been blocked by CORS policy: Request header field x-user-agent is not allowed by Access-Control-Allow-Headers in preflight response. @ https://www.flipkart.com/:0
[  401702ms] [ERROR] Failed to load resource: net::ERR_FAILED @ https://static-assets-web.flixcart.com/apex-static/images/svgs/L1Nav/home-final.svg:0
[  401702ms] [ERROR] Access to fetch at 'https://static-assets-web.flixcart.com/apex-static/images/svgs/L1Nav/sport.svg' from origin 'https://www.flipkart.com' has been blocked by CORS policy: Request header field x-user-agent is not allowed by Access-Control-Allow-Headers in preflight response. @ https://www.flipkart.com/:0
[  401702ms] [ERROR] Failed to load resource: net::ERR_FAILED @ https://static-assets-web.flixcart.com/apex-static/images/svgs/L1Nav/sport.svg:0
[  404371ms] [LOG] Flipkart ♥'s web @ https://static-assets-web.flixcart.com/fk-p-linchpin-web/fk-cp-zion/js/app.4321179e.js:0
[  404415ms] [LOG] ServiceWorker registration successful with scope:  https://www.flipkart.com/ @ https://www.flipkart.com/search?q=iphone%2017%20pro&otracker=search&otracker1=search&marketplace=FLIPKART&as-show=off&as=off:68
[  404634ms] [ERROR] Failed to load resource: the server responded with a status of 406 () @ https://sonic.fdp.api.flipkart.com/4/data/collector/business:0
[  404666ms] [ERROR] Failed to load resource: the server responded with a status of 406 () @ https://sonic.fdp.api.flipkart.com/4/data/collector/business:0
[  447873ms] [ERROR] {action: FDP_TRACKING, url: https://1.sonic.fdp.api.flipkart.com/4/data/collector/business} Error: API timeout error NewApiCaller:fetchWithContextAndTimeout:error @ https://static-assets-web.flixcart.com/fk-p-linchpin-web/fk-cp-zion/js/app.4321179e.js:0
[  447874ms] [ERROR] TypeError: Failed to fetch
    at e.<computed> (https://www.flipkart.com/search?q=iphone%2017%20pro&otracker=search&otracker1=search&marketplace=FLIPKART&as-show=off&as=off:17:16383)
    at U (https://static-assets-web.flixcart.com/fk-p-linchpin-web/fk-cp-zion/js/app.4321179e.js:1:325571)
    at M (https://static-assets-web.flixcart.com/fk-p-linchpin-web/fk-cp-zion/js/app.4321179e.js:1:326034)
    at Object.post (https://static-assets-web.flixcart.com/fk-p-linchpin-web/fk-cp-zion/js/app.4321179e.js:1:327033)
    at e.value (https://static-assets-web.flixcart.com/fk-p-linchpin-web/fk-cp-zion/js/app_common.3eb68488.js:1:116105)
    at e.value (https://static-assets-web.flixcart.com/fk-p-linchpin-web/fk-cp-zion/js/app_common.3eb68488.js:1:116588)
    at y (https://static-assets-web.flixcart.com/fk-p-linchpin-web/fk-cp-zion/js/vendor.2ac7a93e.js:2:220281)
    at https://static-assets-web.flixcart.com/fk-p-linchpin-web/fk-cp-zion/js/vendor.2ac7a93e.js:2:220647
    at e.k (https://static-assets-web.flixcart.com/fk-p-linchpin-web/fk-cp-zion/js/vendor.2ac7a93e.js:2:220654)
    at e.value (https://static-assets-web.flixcart.com/fk-p-linchpin-web/fk-cp-zion/js/app_common.3eb68488.js:1:114960) NewApiCaller:logError @ https://static-assets-web.flixcart.com/fk-p-linchpin-web/fk-cp-zion/js/app.4321179e.js:0
[  449705ms] [ERROR] Failed to load resource: the server responded with a status of 406 () @ https://sonic.fdp.api.flipkart.com/4/data/collector/business:0
[  449745ms] [ERROR] Access to fetch at 'https://static-assets-web.flixcart.com/www/linchpin/batman-returns/codes.json' from origin 'https://www.flipkart.com' has been blocked by CORS policy: Request header field x-user-agent is not allowed by Access-Control-Allow-Headers in preflight response. @ https://www.flipkart.com/:0
[  449745ms] [ERROR] Failed to load resource: net::ERR_FAILED @ https://static-assets-web.flixcart.com/www/linchpin/batman-returns/codes.json:0
[  449972ms] [WARNING] Warning: Component with name Placeholderis not available. Returning a fallback View @ https://static-assets-web.flixcart.com/batman-returns/batman-returns/p/50171365c37ee6e0e2b19d6df4501988/CrossCommon.js:0
[  450005ms] [WARNING] Warning: Component with name RNShimmeringViewis not available. Returning a fallback View @ https://static-assets-web.flixcart.com/batman-returns/batman-returns/p/50171365c37ee6e0e2b19d6df4501988/CrossCommon.js:0
[  450026ms] [WARNING] Warning: Component with name GifViewis not available. Returning a fallback View @ https://static-assets-web.flixcart.com/batman-returns/batman-returns/p/50171365c37ee6e0e2b19d6df4501988/CrossCommon.js:0
[  450027ms] [WARNING] Warning: Component with name LiveVideoViewis not available. Returning a fallback View @ https://static-assets-web.flixcart.com/batman-returns/batman-returns/p/50171365c37ee6e0e2b19d6df4501988/CrossCommon.js:0
[  450030ms] [WARNING] Warning: Component with name HybridConditionTrackerViewis not available. Returning a fallback View @ https://static-assets-web.flixcart.com/batman-returns/batman-returns/p/50171365c37ee6e0e2b19d6df4501988/CrossCommon.js:0
[  450139ms] [LOG] Sync registration successfull for web push Heart beat @ https://www.flipkart.com/:1850
[  450151ms] [WARNING] <meta name="apple-mobile-web-app-capable" content="yes"> is deprecated. Please include <meta name="mobile-web-app-capable" content="yes"> @ https://www.flipkart.com/:0
[  450183ms] [LOG] ServiceWorker registration successful with scope:  https://www.flipkart.com/ @ https://www.flipkart.com/:1821
[  450184ms] [LOG] ServiceWorker is active and sending message :  https://www.flipkart.com/ @ https://www.flipkart.com/:1830
[  450586ms] [ERROR] Access to fetch at 'https://static-assets-web.flixcart.com/apex-static/images/svgs/L1Nav/fashion.svg' from origin 'https://www.flipkart.com' has been blocked by CORS policy: Request header field x-user-agent is not allowed by Access-Control-Allow-Headers in preflight response. @ https://www.flipkart.com/:0
[  450586ms] [ERROR] Failed to load resource: net::ERR_FAILED @ https://static-assets-web.flixcart.com/apex-static/images/svgs/L1Nav/fashion.svg:0
[  450588ms] [ERROR] Access to fetch at 'https://static-assets-web.flixcart.com/apex-static/images/svgs/L1Nav/all.svg' from origin 'https://www.flipkart.com' has been blocked by CORS policy: Request header field x-user-agent is not allowed by Access-Control-Allow-Headers in preflight response. @ https://www.flipkart.com/:0
[  450588ms] [ERROR] Failed to load resource: net::ERR_FAILED @ https://static-assets-web.flixcart.com/apex-static/images/svgs/L1Nav/all.svg:0
[  450588ms] [ERROR] Access to fetch at 'https://static-assets-web.flixcart.com/apex-static/images/svgs/L1Nav/electronics.svg' from origin 'https://www.flipkart.com' has been blocked by CORS policy: Request header field x-user-agent is not allowed by Access-Control-Allow-Headers in preflight response. @ https://www.flipkart.com/:0
[  450589ms] [ERROR] Failed to load resource: net::ERR_FAILED @ https://static-assets-web.flixcart.com/apex-static/images/svgs/L1Nav/electronics.svg:0
[  450590ms] [ERROR] Access to fetch at 'https://static-assets-web.flixcart.com/apex-static/images/svgs/L1Nav/mobiles.svg' from origin 'https://www.flipkart.com' has been blocked by CORS policy: Request header field x-user-agent is not allowed by Access-Control-Allow-Headers in preflight response. @ https://www.flipkart.com/:0
[  450590ms] [ERROR] Failed to load resource: net::ERR_FAILED @ https://static-assets-web.flixcart.com/apex-static/images/svgs/L1Nav/mobiles.svg:0
[  450591ms] [ERROR] Access to fetch at 'https://static-assets-web.flixcart.com/apex-static/images/svgs/L1Nav/furniture.svg' from origin 'https://www.flipkart.com' has been blocked by CORS policy: Request header field x-user-agent is not allowed by Access-Control-Allow-Headers in preflight response. @ https://www.flipkart.com/:0
[  450591ms] [ERROR] Failed to load resource: net::ERR_FAILED @ https://static-assets-web.flixcart.com/apex-static/images/svgs/L1Nav/furniture.svg:0
[  450591ms] [ERROR] Access to fetch at 'https://static-assets-web.flixcart.com/apex-static/images/svgs/L1Nav/beauty.svg' from origin 'https://www.flipkart.com' has been blocked by CORS policy: Request header field x-user-agent is not allowed by Access-Control-Allow-Headers in preflight response. @ https://www.flipkart.com/:0
[  450591ms] [ERROR] Failed to load resource: net::ERR_FAILED @ https://static-assets-web.flixcart.com/apex-static/images/svgs/L1Nav/beauty.svg:0
[  450592ms] [ERROR] Access to fetch at 'https://static-assets-web.flixcart.com/apex-static/images/svgs/L1Nav/sport.svg' from origin 'https://www.flipkart.com' has been blocked by CORS policy: Request header field x-user-agent is not allowed by Access-Control-Allow-Headers in preflight response. @ https://www.flipkart.com/:0
[  450592ms] [ERROR] Failed to load resource: net::ERR_FAILED @ https://static-assets-web.flixcart.com/apex-static/images/svgs/L1Nav/sport.svg:0
[  450592ms] [ERROR] Access to fetch at 'https://static-assets-web.flixcart.com/apex-static/images/svgs/L1Nav/home-final.svg' from origin 'https://www.flipkart.com' has been blocked by CORS policy: Request header field x-user-agent is not allowed by Access-Control-Allow-Headers in preflight response. @ https://www.flipkart.com/:0
[  450592ms] [ERROR] Failed to load resource: net::ERR_FAILED @ https://static-assets-web.flixcart.com/apex-static/images/svgs/L1Nav/home-final.svg:0
[  450592ms] [ERROR] Access to fetch at 'https://static-assets-web.flixcart.com/apex-static/images/svgs/L1Nav/books.svg' from origin 'https://www.flipkart.com' has been blocked by CORS policy: Request header field x-user-agent is not allowed by Access-Control-Allow-Headers in preflight response. @ https://www.flipkart.com/:0
[  450593ms] [ERROR] Failed to load resource: net::ERR_FAILED @ https://static-assets-web.flixcart.com/apex-static/images/svgs/L1Nav/books.svg:0
[  450593ms] [ERROR] Access to fetch at 'https://static-assets-web.flixcart.com/apex-static/images/svgs/L1Nav/auto-new.svg' from origin 'https://www.flipkart.com' has been blocked by CORS policy: Request header field x-user-agent is not allowed by Access-Control-Allow-Headers in preflight response. @ https://www.flipkart.com/:0
[  450593ms] [ERROR] Failed to load resource: net::ERR_FAILED @ https://static-assets-web.flixcart.com/apex-static/images/svgs/L1Nav/auto-new.svg:0
[  450596ms] [ERROR] Access to fetch at 'https://static-assets-web.flixcart.com/apex-static/images/svgs/L1Nav/tv.svg' from origin 'https://www.flipkart.com' has been blocked by CORS policy: Request header field x-user-agent is not allowed by Access-Control-Allow-Headers in preflight response. @ https://www.flipkart.com/:0
[  450596ms] [ERROR] Failed to load resource: net::ERR_FAILED @ https://static-assets-web.flixcart.com/apex-static/images/svgs/L1Nav/tv.svg:0
[  450597ms] [ERROR] Access to fetch at 'https://static-assets-web.flixcart.com/apex-static/images/svgs/L1Nav/auto-acc.svg' from origin 'https://www.flipkart.com' has been blocked by CORS policy: Request header field x-user-agent is not allowed by Access-Control-Allow-Headers in preflight response. @ https://www.flipkart.com/:0
[  450597ms] [ERROR] Failed to load resource: net::ERR_FAILED @ https://static-assets-web.flixcart.com/apex-static/images/svgs/L1Nav/auto-acc.svg:0
[  450598ms] [ERROR] Access to fetch at 'https://static-assets-web.flixcart.com/apex-static/images/svgs/L1Nav/toy.svg' from origin 'https://www.flipkart.com' has been blocked by CORS policy: Request header field x-user-agent is not allowed by Access-Control-Allow-Headers in preflight response. @ https://www.flipkart.com/:0
[  450598ms] [ERROR] Failed to load resource: net::ERR_FAILED @ https://static-assets-web.flixcart.com/apex-static/images/svgs/L1Nav/toy.svg:0
[  450599ms] [ERROR] Access to fetch at 'https://static-assets-web.flixcart.com/apex-static/images/svgs/L1Nav/food.svg' from origin 'https://www.flipkart.com' has been blocked by CORS policy: Request header field x-user-agent is not allowed by Access-Control-Allow-Headers in preflight response. @ https://www.flipkart.com/:0
[  450599ms] [ERROR] Failed to load resource: net::ERR_FAILED @ https://static-assets-web.flixcart.com/apex-static/images/svgs/L1Nav/food.svg:0
[  453143ms] [ERROR] Loading the image 'https://www.googletagmanager.com/td?id=AW-594691041&v=3&t=t&pid=1141767688&gtm=45be6631h1v9101290632za200zd9101290632&seq=1&exp=0~115938465~115938469~118228214~119027222&dl=www.flipkart.com%2Fsearch&tdp=AW-594691041;101290632;0;0;0&frm=0&rtg=101290632&slo=5&hlo=9&lst=3&bt=0&ct=3&jsp=1~4~5&z=0' violates the following Content Security Policy directive: "img-src 'self' data: blob: https://*.flixcart.com https://*.flixcart.net https://images.ixigo.com https://flipkart.d1.sc.omtrdc.net https://www.facebook.com https://*.fkapi.net https://googleads.g.doubleclick.net https://www.google.com https://www.google.co.in https://www.googleadservices.com https://sp.analytics.yahoo.com https://bat.bing.com https://bat.r.msn.com https://pay.payzippy.com https://1.pay.payzippy.com https://tnc.phonepe.com https://img.fkcdn.com". The action has been blocked. @ https://www.flipkart.com/search?q=iphone%2017%20pro&otracker=search&otracker1=search&marketplace=FLIPKART&as-show=off&as=off:47
[  453356ms] [LOG] Flipkart ♥'s web @ https://static-assets-web.flixcart.com/fk-p-linchpin-web/fk-cp-zion/js/app.4321179e.js:0
[  453549ms] [ERROR] Failed to load resource: the server responded with a status of 406 () @ https://sonic.fdp.api.flipkart.com/4/data/collector/business:0
[  453552ms] [LOG] ServiceWorker registration successful with scope:  https://www.flipkart.com/ @ https://www.flipkart.com/search?q=iphone%2017%20pro&otracker=search&otracker1=search&marketplace=FLIPKART&as-show=off&as=off:68
[  453574ms] [ERROR] Failed to load resource: the server responded with a status of 406 () @ https://sonic.fdp.api.flipkart.com/4/data/collector/business:0
[  481196ms] [ERROR] Loading the image 'https://www.googletagmanager.com/td?id=AW-594691041&v=3&t=t&pid=1141767688&gtm=45be6631h1v9101290632za200zd9101290632&seq=2&exp=0~115938465~115938469~118228214~119027222&dl=www.flipkart.com%2Fsearch&tdp=AW-594691041;101290632;0;0;0&csp=AW-594691041;61_1_8&mde=AW-594691041;61_1&fin=1&z=0&img=1' violates the following Content Security Policy directive: "img-src 'self' data: blob: https://*.flixcart.com https://*.flixcart.net https://images.ixigo.com https://flipkart.d1.sc.omtrdc.net https://www.facebook.com https://*.fkapi.net https://googleads.g.doubleclick.net https://www.google.com https://www.google.co.in https://www.googleadservices.com https://sp.analytics.yahoo.com https://bat.bing.com https://bat.r.msn.com https://pay.payzippy.com https://1.pay.payzippy.com https://tnc.phonepe.com https://img.fkcdn.com". The action has been blocked. @ https://www.flipkart.com/search?q=iphone%2017%20pro&otracker=search&otracker1=search&marketplace=FLIPKART&as-show=off&as=off:0
[  481199ms] [ERROR] {action: FDP_TRACKING, url: https://1.sonic.fdp.api.flipkart.com/4/data/collector/business} Error: API timeout error NewApiCaller:fetchWithContextAndTimeout:error @ https://static-assets-web.flixcart.com/fk-p-linchpin-web/fk-cp-zion/js/app.4321179e.js:0
[  481200ms] [ERROR] TypeError: Failed to fetch
    at e.<computed> (https://www.flipkart.com/search?q=iphone%2017%20pro&otracker=search&otracker1=search&marketplace=FLIPKART&as-show=off&as=off:17:16383)
    at U (https://static-assets-web.flixcart.com/fk-p-linchpin-web/fk-cp-zion/js/app.4321179e.js:1:325571)
    at M (https://static-assets-web.flixcart.com/fk-p-linchpin-web/fk-cp-zion/js/app.4321179e.js:1:326034)
    at Object.post (https://static-assets-web.flixcart.com/fk-p-linchpin-web/fk-cp-zion/js/app.4321179e.js:1:327033)
    at e.value (https://static-assets-web.flixcart.com/fk-p-linchpin-web/fk-cp-zion/js/app_common.3eb68488.js:1:116105)
    at e.value (https://static-assets-web.flixcart.com/fk-p-linchpin-web/fk-cp-zion/js/app_common.3eb68488.js:1:116588)
    at y (https://static-assets-web.flixcart.com/fk-p-linchpin-web/fk-cp-zion/js/vendor.2ac7a93e.js:2:220281)
    at https://static-assets-web.flixcart.com/fk-p-linchpin-web/fk-cp-zion/js/vendor.2ac7a93e.js:2:220647
    at e.k (https://static-assets-web.flixcart.com/fk-p-linchpin-web/fk-cp-zion/js/vendor.2ac7a93e.js:2:220654)
    at e.value (https://static-assets-web.flixcart.com/fk-p-linchpin-web/fk-cp-zion/js/app_common.3eb68488.js:1:114960) NewApiCaller:logError @ https://static-assets-web.flixcart.com/fk-p-linchpin-web/fk-cp-zion/js/app.4321179e.js:0
[  482981ms] [ERROR] Failed to load resource: the server responded with a status of 406 () @ https://sonic.fdp.api.flipkart.com/4/data/collector/business:0
[  483246ms] [WARNING] Warning: Component with name Placeholderis not available. Returning a fallback View @ https://static-assets-web.flixcart.com/batman-returns/batman-returns/p/50171365c37ee6e0e2b19d6df4501988/CrossCommon.js:0
[  483305ms] [WARNING] Warning: Component with name RNShimmeringViewis not available. Returning a fallback View @ https://static-assets-web.flixcart.com/batman-returns/batman-returns/p/50171365c37ee6e0e2b19d6df4501988/CrossCommon.js:0
[  483332ms] [WARNING] Warning: Component with name GifViewis not available. Returning a fallback View @ https://static-assets-web.flixcart.com/batman-returns/batman-returns/p/50171365c37ee6e0e2b19d6df4501988/CrossCommon.js:0
[  483333ms] [WARNING] Warning: Component with name LiveVideoViewis not available. Returning a fallback View @ https://static-assets-web.flixcart.com/batman-returns/batman-returns/p/50171365c37ee6e0e2b19d6df4501988/CrossCommon.js:0
[  483335ms] [WARNING] Warning: Component with name HybridConditionTrackerViewis not available. Returning a fallback View @ https://static-assets-web.flixcart.com/batman-returns/batman-returns/p/50171365c37ee6e0e2b19d6df4501988/CrossCommon.js:0
[  483405ms] [ERROR] Access to fetch at 'https://static-assets-web.flixcart.com/www/linchpin/batman-returns/codes.json' from origin 'https://www.flipkart.com' has been blocked by CORS policy: Request header field x-user-agent is not allowed by Access-Control-Allow-Headers in preflight response. @ https://www.flipkart.com/apple-iphone-17-pro-silver-256-gb/p/itm106f475c264c7?pid=MOBHFN6YPFSDYRTY&lid=LSTMOBHFN6YPFSDYRTYSCL89I&marketplace=FLIPKART&q=iphone+17+pro&store=tyy%2F4io&spotlightTagId=default_BestsellerId_tyy%2F4io&srno=s_1_1&otracker=search&otracker1=search&fm=Search&iid=42e469ce-fcb2-4ae1-ae2d-1d03435e184b.MOBHFN6YPFSDYRTY.SEARCH&ppt=sp&ppn=sp&ssid=jjk4qebvfk0000001780671178640&qH=c765de6c3925bba3&ov_redirect=true:0
[  483406ms] [ERROR] Failed to load resource: net::ERR_FAILED @ https://static-assets-web.flixcart.com/www/linchpin/batman-returns/codes.json:0
[  483457ms] [LOG] Sync registration successfull for web push Heart beat @ https://www.flipkart.com/apple-iphone-17-pro-silver-256-gb/p/itm106f475c264c7?pid=MOBHFN6YPFSDYRTY&lid=LSTMOBHFN6YPFSDYRTYSCL89I&marketplace=FLIPKART&q=iphone+17+pro&store=tyy%2F4io&spotlightTagId=default_BestsellerId_tyy%2F4io&srno=s_1_1&otracker=search&otracker1=search&fm=Search&iid=42e469ce-fcb2-4ae1-ae2d-1d03435e184b.MOBHFN6YPFSDYRTY.SEARCH&ppt=sp&ppn=sp&ssid=jjk4qebvfk0000001780671178640&qH=c765de6c3925bba3&ov_redirect=true:1851
[  483481ms] [WARNING] <meta name="apple-mobile-web-app-capable" content="yes"> is deprecated. Please include <meta name="mobile-web-app-capable" content="yes"> @ https://www.flipkart.com/apple-iphone-17-pro-silver-256-gb/p/itm106f475c264c7?pid=MOBHFN6YPFSDYRTY&lid=LSTMOBHFN6YPFSDYRTYSCL89I&marketplace=FLIPKART&q=iphone+17+pro&store=tyy%2F4io&spotlightTagId=default_BestsellerId_tyy%2F4io&srno=s_1_1&otracker=search&otracker1=search&fm=Search&iid=42e469ce-fcb2-4ae1-ae2d-1d03435e184b.MOBHFN6YPFSDYRTY.SEARCH&ppt=sp&ppn=sp&ssid=jjk4qebvfk0000001780671178640&qH=c765de6c3925bba3&ov_redirect=true:0
[  483516ms] [LOG] ServiceWorker registration successful with scope:  https://www.flipkart.com/ @ https://www.flipkart.com/apple-iphone-17-pro-silver-256-gb/p/itm106f475c264c7?pid=MOBHFN6YPFSDYRTY&lid=LSTMOBHFN6YPFSDYRTYSCL89I&marketplace=FLIPKART&q=iphone+17+pro&store=tyy%2F4io&spotlightTagId=default_BestsellerId_tyy%2F4io&srno=s_1_1&otracker=search&otracker1=search&fm=Search&iid=42e469ce-fcb2-4ae1-ae2d-1d03435e184b.MOBHFN6YPFSDYRTY.SEARCH&ppt=sp&ppn=sp&ssid=jjk4qebvfk0000001780671178640&qH=c765de6c3925bba3&ov_redirect=true:1822
[  483517ms] [LOG] ServiceWorker is active and sending message :  https://www.flipkart.com/ @ https://www.flipkart.com/apple-iphone-17-pro-silver-256-gb/p/itm106f475c264c7?pid=MOBHFN6YPFSDYRTY&lid=LSTMOBHFN6YPFSDYRTYSCL89I&marketplace=FLIPKART&q=iphone+17+pro&store=tyy%2F4io&spotlightTagId=default_BestsellerId_tyy%2F4io&srno=s_1_1&otracker=search&otracker1=search&fm=Search&iid=42e469ce-fcb2-4ae1-ae2d-1d03435e184b.MOBHFN6YPFSDYRTY.SEARCH&ppt=sp&ppn=sp&ssid=jjk4qebvfk0000001780671178640&qH=c765de6c3925bba3&ov_redirect=true:1831
[  484001ms] [WARNING] Animated: `useNativeDriver` is not supported because the native animated module is missing. Falling back to JS-based animation. To resolve this, add `RCTAnimation` module to this app, or remove `useNativeDriver`. Make sure to run `bundle exec pod install` first. Read more about autolinking: https://github.com/react-native-community/cli/blob/master/docs/autolinking.md @ https://static-assets-web.flixcart.com/batman-returns/batman-returns/p/50171365c37ee6e0e2b19d6df4501988/CrossCommon.js:0
